{
    "location":{
        "KP.2":{
            "timeseriesSummary":[
                {
                    "date":"2025-02-10",
                    "proportion":0.156233913,
                    "proportionLower":0.1314530364,
                    "proportionUpper":0.2199813071
                },
                {
                    "date":"2025-02-14",
                    "proportion":0.159188626,
                    "proportionLower":0.1248948574,
                    "proportionUpper":0.2013490743
                },
                {
                    "date":"2025-02-18",
                    "proportion":0.1747443139,
                    "proportionLower":0.1252152256,
                    "proportionUpper":0.2227189696
                },
                {
                    "date":"2025-02-22",
                    "proportion":0.2057738054,
                    "proportionLower":0.131579082,
                    "proportionUpper":0.2747253165
                },
                {
                    "date":"2025-02-26",
                    "proportion":0.2175474952,
                    "proportionLower":0.1331175448,
                    "proportionUpper":0.2862404608
                },
                {
                    "date":"2025-03-02",
                    "proportion":0.247684551,
                    "proportionLower":0.1306778044,
                    "proportionUpper":0.3210765236
                },
                {
                    "date":"2025-03-06",
                    "proportion":0.3322161013,
                    "proportionLower":0.1561578897,
                    "proportionUpper":0.5286202183
                },
                {
                    "date":"2025-03-07",
                    "proportion":0.3482661466,
                    "proportionLower":0.1583852864,
                    "proportionUpper":0.5370685054
                }
            ]
        },
        "LP.8":{
            "timeseriesSummary":[
                {
                    "date":"2025-02-10",
                    "proportion":0.1091042571,
                    "proportionLower":0.0429658804,
                    "proportionUpper":0.1982563339
                },
                {
                    "date":"2025-02-14",
                    "proportion":0.1339982856,
                    "proportionLower":0.0579831377,
                    "proportionUpper":0.2301644739
                },
                {
                    "date":"2025-02-18",
                    "proportion":0.1515757418,
                    "proportionLower":0.0694631593,
                    "proportionUpper":0.2789741992
                },
                {
                    "date":"2025-02-22",
                    "proportion":0.1978409426,
                    "proportionLower":0.0781384052,
                    "proportionUpper":0.4098739101
                },
                {
                    "date":"2025-02-26",
                    "proportion":0.2515958901,
                    "proportionLower":0.1038714517,
                    "proportionUpper":0.4439827797
                },
                {
                    "date":"2025-03-02",
                    "proportion":0.2177333113,
                    "proportionLower":0.0621190683,
                    "proportionUpper":0.4467910774
                },
                {
                    "date":"2025-03-06",
                    "proportion":0.1322605429,
                    "proportionLower":0.031187748,
                    "proportionUpper":0.441865721
                },
                {
                    "date":"2025-03-07",
                    "proportion":0.1174206455,
                    "proportionLower":0.0056677053,
                    "proportionUpper":0.4425976358
                }
            ]
        },
        "XEC":{
            "timeseriesSummary":[
                {
                    "date":"2025-02-10",
                    "proportion":0.5562861368,
                    "proportionLower":0.3274688682,
                    "proportionUpper":0.8036699048
                },
                {
                    "date":"2025-02-14",
                    "proportion":0.5394536258,
                    "proportionLower":0.3111750224,
                    "proportionUpper":0.7962982546
                },
                {
                    "date":"2025-02-18",
                    "proportion":0.5153383881,
                    "proportionLower":0.2892215248,
                    "proportionUpper":0.7690585279
                },
                {
                    "date":"2025-02-22",
                    "proportion":0.4611706607,
                    "proportionLower":0.2116722669,
                    "proportionUpper":0.7121459865
                },
                {
                    "date":"2025-02-26",
                    "proportion":0.4124261868,
                    "proportionLower":0.195965556,
                    "proportionUpper":0.620124616
                },
                {
                    "date":"2025-03-02",
                    "proportion":0.4168870049,
                    "proportionLower":0.1908118269,
                    "proportionUpper":0.6364319551
                },
                {
                    "date":"2025-03-06",
                    "proportion":0.4134452799,
                    "proportionLower":0.1839165424,
                    "proportionUpper":0.6414585308
                },
                {
                    "date":"2025-03-07",
                    "proportion":0.4127285298,
                    "proportionLower":0.1841769982,
                    "proportionUpper":0.6410197464
                }
            ]
        },
        "undetermined":{
            "timeseriesSummary":[
                {
                    "date":"2025-02-10",
                    "proportion":0.178375693,
                    "proportionLower":9.477614762e-18,
                    "proportionUpper":0.3979879633
                },
                {
                    "date":"2025-02-14",
                    "proportion":0.1673594627,
                    "proportionLower":2.587846893e-19,
                    "proportionUpper":0.3592942666
                },
                {
                    "date":"2025-02-18",
                    "proportion":0.1583415561,
                    "proportionLower":1.64007162e-18,
                    "proportionUpper":0.3572005901
                },
                {
                    "date":"2025-02-22",
                    "proportion":0.1352145914,
                    "proportionLower":2.323921109e-24,
                    "proportionUpper":0.3137539034
                },
                {
                    "date":"2025-02-26",
                    "proportion":0.1184304279,
                    "proportionLower":8.854188202e-23,
                    "proportionUpper":0.3016174255
                },
                {
                    "date":"2025-03-02",
                    "proportion":0.1176951328,
                    "proportionLower":6.723782217e-16,
                    "proportionUpper":0.3001593717
                },
                {
                    "date":"2025-03-06",
                    "proportion":0.122078076,
                    "proportionLower":6.06120218e-22,
                    "proportionUpper":0.3033705991
                },
                {
                    "date":"2025-03-07",
                    "proportion":0.1215846781,
                    "proportionLower":4.667611443e-21,
                    "proportionUpper":0.3031598339
                }
            ]
        }
    }
}